// Jest Snapshot v1, https://jestjs.io/docs/snapshot-testing

exports[`AGB page Snapshot der Seite (stabil bei statischem Inhalt) 1`] = `
<div>
  <div
    class="flex items-center justify-center min-h-screen bg-blue-300"
  >
    <div
      class="max-w-3xl mx-auto p-6 text-gray-800"
    >
      <h1
        class="text-3xl font-bold mb-4"
      >
        Allgemeine Geschäftsbedingungen (AGB)
      </h1>
      <section
        class="mb-6"
      >
        <h2
          class="text-xl font-semibold mb-2"
        >
          1. Geltungsbereich
        </h2>
        <p>
          Diese Allgemeinen Geschäftsbedingungen (AGB) gelten für die Nutzung der App MyCargonaut und alle damit verbundenen Leistungen, die von MyCargonaut bereitgestellt werden.
        </p>
      </section>
      <section
        class="mb-6"
      >
        <h2
          class="text-xl font-semibold mb-2"
        >
          2. Vertragspartner
        </h2>
        <p>
          Der Vertrag kommt zustande mit:
          <br />
          MyCargonaut
          <br />
          Max Mustermann
          <br />
          Musterstraße 123
          <br />
          12345 Musterstadt
          <br />
          Deutschland
        </p>
      </section>
      <section
        class="mb-6"
      >
        <h2
          class="text-xl font-semibold mb-2"
        >
          3. Vertragsgegenstand
        </h2>
        <p>
          MyCargonaut stellt eine Plattform zur Verfügung, über die Nutzer Fahrgemeinschaften organisieren und Fahrten anbieten oder buchen können.
        </p>
      </section>
      <section
        class="mb-6"
      >
        <h2
          class="text-xl font-semibold mb-2"
        >
          4. Registrierung und Nutzerkonto
        </h2>
        <p>
          Die Nutzung von MyCargonaut setzt eine Registrierung und Erstellung eines Nutzerkontos voraus. Die bei der Registrierung angegebenen Daten müssen vollständig und korrekt sein.
        </p>
      </section>
      <section
        class="mb-6"
      >
        <h2
          class="text-xl font-semibold mb-2"
        >
          5. Pflichten der Nutzer
        </h2>
        <p>
          Nutzer verpflichten sich, keine rechtswidrigen Inhalte über die Plattform zu verbreiten und die Rechte Dritter zu achten. Zudem dürfen Fahrten nur angeboten werden, wenn sie tatsächlich durchgeführt werden können.
        </p>
      </section>
      <section
        class="mb-6"
      >
        <h2
          class="text-xl font-semibold mb-2"
        >
          6. Haftung
        </h2>
        <p>
          MyCargonaut haftet nicht für das Verhalten der Nutzer oder für Schäden, die aus der Nutzung der Plattform entstehen, es sei denn, diese beruhen auf grober Fahrlässigkeit oder Vorsatz seitens MyCargonaut.
        </p>
      </section>
      <section
        class="mb-6"
      >
        <h2
          class="text-xl font-semibold mb-2"
        >
          7. Vertragslaufzeit und Kündigung
        </h2>
        <p>
          Der Nutzungsvertrag wird auf unbestimmte Zeit geschlossen und kann von beiden Seiten jederzeit ohne Angabe von Gründen gekündigt werden.
        </p>
      </section>
      <section
        class="mb-6"
      >
        <h2
          class="text-xl font-semibold mb-2"
        >
          8. Änderungen der AGB
        </h2>
        <p>
          MyCargonaut behält sich das Recht vor, diese AGB jederzeit zu ändern. Die Nutzer werden über Änderungen rechtzeitig informiert.
        </p>
      </section>
      <section
        class="mb-6"
      >
        <h2
          class="text-xl font-semibold mb-2"
        >
          9. Anwendbares Recht
        </h2>
        <p>
          Es gilt das Recht der Bundesrepublik Deutschland. Gerichtsstand ist, soweit gesetzlich zulässig, der Sitz von MyCargonaut.
        </p>
      </section>
      <section>
        <p>
          Stand: Juni 2025
        </p>
      </section>
    </div>
  </div>
</div>
`;
